// Jest Snapshot v1, https://goo.gl/fbAQLP

exports[`Home render correctly 1`] = `
<div
  className="pageContainer"
  data-testid="page-container"
>
  <h1
    className="homePage"
  >
    Welcome to our home page!
  </h1>
  <p
    className="text"
  >
    Lorem ipsum dolor sit, amet consectetur adipisicing elit. Accusantium omnis repellat, doloribus, nemo quas ipsam sequi iusto ex dicta dolorum eos nulla eligendi ut maxime ipsum distinctio quia fugiat cum!. Lorem ipsum dolor sit amet consectetur adipisicing elit. Excepturi, officia harum voluptate reprehenderit itaque earum. Ex sapiente ea eum eos quod hic doloribus corporis officiis magni. Tempore assumenda dolores quaerat!
  </p>
  <br />
  <p
    className="text"
  >
    Lorem ipsum dolor sit, amet consectetur adipisicing elit. Accusantium omnis repellat, doloribus, nemo quas ipsam sequi iusto ex dicta dolorum eos nulla eligendi ut maxime ipsum distinctio quia fugiat cum!. Lorem ipsum dolor sit amet consectetur adipisicing elit. Fuga sed architecto doloribus minus aperiam non dicta, quod modi officiis ipsum, impedit ab beatae rem eius sint enim est. Adipisci, autem?
  </p>
</div>
`;
